ExpansionTraderIndar.Medicals|6845.509277 17.542543 10734.056641|58.936504 0.000000 0.000000|SurgicalGloves_Blue,Ushanka_Green,SurgicalMask,ParamedicPants_Crimson,HikingBootsLow_Beige,ParamedicJacket_Crimson,Morphine
ExpansionTraderLewis.Base|6862.204102 17.542543 10735.566406|-164.495987 0.000000 0.000000|WorkingGloves_Black,ReflexVest,M65Jacket_Black,CargoPants_Black,ConstructionHelmet_Yellow,BalaclavaMask_Black,WorkingBoots_Yellow,Hammer
ExpansionTraderNaomi.Clothes1to2|6851.748535 17.542543 10739.442383|-169.999985 0.000000 0.000000|WorkingGloves_Black,Ushanka_Green,BalaclavaMask_Beige,M65Jacket_Black,CargoPants_Black,HikingBootsLow_Beige
ExpansionTraderLinda.Consumables|6867.981445 16.135351 10742.081055|120.000000 0.000000 -0.000000|orkingGloves_Black,Ushanka_Green,BalaclavaMask_Beige,M65Jacket_Black,CargoPants_Black,HikingBootsLow_Beige
ExpansionTraderGabi.Weapons1to2|6877.104004 18.484787 10758.103516|102.002022 0.000000 -0.000000|MilitaryBelt,TacticalGoggles,TacticalGloves_Black,GorkaHelmet_Black,BalaclavaMask_Black,Dzn_sumrak_pants_coldw,MilitaryBoots_Black,AliceBag_Camo,dzn_sumrak_up_coldw,PoliceVest,Mosin9130
ExpansionTraderIrena.Attachement1to2|6887.768066 18.484787 10756.353516|-79.169411 -0.000000 0.000000|MilitaryBelt,TacticalGoggles,TacticalGloves_Black,GorkaHelmet_Black,BalaclavaMask_Black,Dzn_sumrak_pants_coldw,MilitaryBoots_Black,AliceBag_Camo,dzn_sumrak_up_coldw,PoliceVest,Mosin_Bayonet
ExpansionTraderQuinn.Tools|6854.458008 17.542543 10730.037109|25.000000 0.000000 0.000000|WorkingGloves_Black,ReflexVest,M65Jacket_Black,CargoPants_Black,ConstructionHelmet_Yellow,BalaclavaMask_Black,WorkingBoots_Yellow,Pliers
ExpansionTraderKaito.Exchange|6865.579590 17.542543 10734.517578|106.999992 0.000000 0.000000|dzn_gorkahood_summer,dzn_bubblegoose_blue,ExpansionShemag,GorkaPants_Flat,HikingBoots_Black,TacticalGloves_Black
ExpansionTraderMirek.Cloud1to2|6857.231445 17.542543 10738.059570|-162.374878 0.000000 -0.000000|MilitaryGear_TacticalHelmet_Tiger,MilitaryGear_TacticalPants_Tiger,MilitaryGear_TacticalShirt_Tiger,MilitaryGear_AssauktVest_Tiger,MilitaryGear_Balaclava3_Tiger,MilitaryBoots_Black
ExpansionTraderDenis.MMG1to2|6858.826172 17.542543 10728.625977|16.313435 0.000000 -0.000000|MMG_supplybag_green,MMG_striker_helmet_green,MMG_operatorshirt_green,mmg_tactical_pants_green,mmg_tactical_gloves_green,MMG_boots_green,MMG_balaclava_olive