ExpansionTraderGuo.Attachement3to7|2361.514648 13.284881 5716.244629|-34.493828 0.000000 0.000000|MMG_falcon_b1_belt_tan,mmg_tac_goggles_red_tan,mmg_tactical_gloves_tan,MMG_striker_helmet_tan,MMG_balaclava_tan,MMG_tactical_shirt_tan,mmg_tactical_pants_tan,MMG_boots_tan,MMG_supplybag_tan,MMG_JPC_Vest_tan,Mosin_Bayonet
ExpansionTraderIndar.Medicals|2355.459229 13.284881 5712.152832|-33.998066 0.000000 0.000000|dSurgicalGloves_Blue,Ushanka_Green,SurgicalMask,ParamedicPants_Crimson,HikingBootsLow_Beige,ParamedicJacket_Crimson,Morphine
ExpansionTraderLewis.Base|2365.461426 13.286420 5710.417480|145.632004 0.000000 -0.000000|WorkingGloves_Black,ReflexVest,M65Jacket_Black,CargoPants_Black,ConstructionHelmet_Yellow,BalaclavaMask_Black,WorkingBoots_Yellow,Hammer
ExpansionTraderHelga.Clothes37|2359.797119 13.284881 5706.600586|146.795776 0.000000 0.000000|WorkingGloves_Black,Ushanka_Green,BalaclavaMask_Beige,M65Jacket_Black,CargoPants_Black,HikingBootsLow_Beige
ExpansionTraderLinda.Consumables|2362.938965 13.284882 5715.350098|54.601521 0.000000 0.000000|dorkingGloves_Black,Ushanka_Green,BalaclavaMask_Beige,M65Jacket_Black,CargoPants_Black,HikingBootsLow_Beige
ExpansionTraderQuinn.Tools|2364.844482 13.284881 5712.865723|54.698376 0.000000 -0.000000|WorkingGloves_Black,ReflexVest,M65Jacket_Black,CargoPants_Black,ConstructionHelmet_Yellow,BalaclavaMask_Black,WorkingBoots_Yellow,Pliers
ExpansionTraderJudy.Weapons3to7|2362.456055 13.284882 5708.449707|146.457352 0.000000 -0.000000|MMG_falcon_b1_belt_tan,mmg_tac_goggles_red_tan,mmg_tactical_gloves_tan,MMG_striker_helmet_tan,MMG_balaclava_tan,MMG_tactical_shirt_tan,mmg_tactical_pants_tan,MMG_boots_tan,MMG_supplybag_tan,MMG_JPC_Vest_tan,Mosin9130
ExpansionTraderKaito.Exchange|2358.338135 13.284881 5714.062988|-34.932709 0.000000 0.000000|dzn_gorkahood_summer,dzn_bubblegoose_blue,ExpansionShemag,GorkaPants_Flat,HikingBoots_Black,TacticalGloves_Black
ExpansionTraderMirek.Cloud3to7|2351.365723 13.284881 5721.296387|145.641571 0.000000 -0.000000|MilitaryGear_TacticalHelmet_Skol,MilitaryGear_TacticalPants_Skol,MilitaryGear_TacticalShirt_Skol,MilitaryGear_AssauktVest_Skol,MilitaryGear_Balaclava3_Skol,MilitaryBoots_Black
ExpansionTraderDenis.MMG3to7|2353.093262 13.284882 5722.497070|143.593552 0.000000 -0.000000|MMG_JPC_Vest_tan,MMG_supplybag_tan,MMG_striker_helmet_tan,MMG_operatorshirt_tan,mmg_tactical_pants_tan,mmg_tactical_gloves_tan,MMG_boots_tan,MMG_balaclava_tan,